// Jest Snapshot v1, https://goo.gl/fbAQLP

exports[`should render ExpenseList with expenses 1`] = `
<div>
  <ExpenseItemList
    amount={195}
    createdAt={0}
    description="Bum"
    id="1"
    key="1"
    note=""
  />
  <ExpenseItemList
    amount={109500}
    createdAt={-345600000}
    description="Rent"
    id="2"
    key="2"
    note=""
  />
  <ExpenseItemList
    amount={4500}
    createdAt={345600000}
    description="Water Bill"
    id="3"
    key="3"
    note=""
  />
</div>
`;

exports[`should render ExpenseList with expenses with empty array 1`] = `
<div>
  <p>
    No Expenses
  </p>
</div>
`;
