// Jest Snapshot v1, https://goo.gl/fbAQLP

exports[`should load the Loading Page 1`] = `
<div
  className="loaders"
>
  <img
    className="loaders__image"
    src="/images/loader.gif"
  />
</div>
`;
